###############################################################################
#                                                                             #
# IAR C/C++ Compiler V7.51A/W32 for 8051                20/Aug/2012  16:14:32 #
# Copyright 2004-2009 IAR Systems AB.                                         #
#                                                                             #
#    Core               =  plain                                              #
#    Code model         =  banked                                             #
#    Data model         =  large                                              #
#    Calling convention =  xdata reentrant                                    #
#    Constant location  =  data_rom                                           #
#    Dptr setup         =  1,16                                               #
#    Source file        =  C:\Texas Instruments\ZStack-CC2530-2.3.0-1.4.0\Pro #
#                          jects\zstack\Samples\GenericApp\Source\Sensor.c    #
#    Command line       =  -f "C:\Texas Instruments\ZStack-CC2530-2.3.0-1.4.0 #
#                          \Projects\zstack\Samples\GenericApp\CC2530DB\..\.. #
#                          \..\Tools\CC2530DB\f8wRouter.cfg" (-DCPU32MHZ      #
#                          -DROOT=__near_func -DMAC_CFG_APP_PENDING_QUEUE=TRU #
#                          E -DRTR_NWK -DBLINK_LEDS) -f "C:\Texas             #
#                          Instruments\ZStack-CC2530-2.3.0-1.4.0\Projects\zst #
#                          ack\Samples\GenericApp\CC2530DB\..\..\..\Tools\CC2 #
#                          530DB\f8wConfig.cfg" (-DSECURE=0                   #
#                          -DZG_SECURE_DYNAMIC=0 -DREFLECTOR                  #
#                          -DDEFAULT_CHANLIST=0x00000800                      #
#                          -DZDAPP_CONFIG_PAN_ID=0xFFF1                       #
#                          -DNWK_START_DELAY=100 -DEXTENDED_JOINING_RANDOM_MA #
#                          SK=0x007F -DBEACON_REQUEST_DELAY=100               #
#                          -DBEACON_REQ_DELAY_MASK=0x00FF                     #
#                          -DROUTE_EXPIRY_TIME=30 -DAPSC_ACK_WAIT_DURATION_PO #
#                          LLED=3000 -DNWK_INDIRECT_MSG_TIMEOUT=7             #
#                          -DMAX_RREQ_ENTRIES=8 -DAPSC_MAX_FRAME_RETRIES=3    #
#                          -DNWK_MAX_DATA_RETRIES=2                           #
#                          -DMAX_POLL_FAILURE_RETRIES=2 -DMAX_BCAST=9         #
#                          -DAPS_MAX_GROUPS=16 -DMAX_RTG_ENTRIES=40           #
#                          -DNWK_MAX_BINDING_ENTRIES=4                        #
#                          -DMAX_BINDING_CLUSTER_IDS=4 "-DDEFAULT_KEY={0x01,  #
#                          0x03, 0x05, 0x07, 0x09, 0x0B, 0x0D, 0x0F, 0x00,    #
#                          0x02, 0x04, 0x06, 0x08, 0x0A, 0x0C, 0x0D}"         #
#                          -DMAC_MAX_FRAME_SIZE=116 "-DCONST=const __code"    #
#                          -DGENERIC=__generic -DRFD_RCVC_ALWAYS_ON=FALSE     #
#                          -DPOLL_RATE=1000 -DQUEUED_POLL_RATE=100            #
#                          -DRESPONSE_POLL_RATE=100) -DREJOIN_POLL_RATE=440   #
#                          "C:\Texas Instruments\ZStack-CC2530-2.3.0-1.4.0\Pr #
#                          ojects\zstack\Samples\GenericApp\Source\Sensor.c"  #
#                          -D ZTOOL_P1 -D MT_TASK -D MT_SYS_FUNC -D           #
#                          MT_ZDO_FUNC -lC "C:\Texas                          #
#                          Instruments\ZStack-CC2530-2.3.0-1.4.0\Projects\zst #
#                          ack\Samples\GenericApp\CC2530DB\RouterEB\List\"    #
#                          -lA "C:\Texas Instruments\ZStack-CC2530-2.3.0-1.4. #
#                          0\Projects\zstack\Samples\GenericApp\CC2530DB\Rout #
#                          erEB\List\" --diag_suppress Pe001,Pa010 -o         #
#                          "C:\Texas Instruments\ZStack-CC2530-2.3.0-1.4.0\Pr #
#                          ojects\zstack\Samples\GenericApp\CC2530DB\RouterEB #
#                          \Obj\" -e --require_prototypes --debug             #
#                          --core=plain --dptr=16,1 --data_model=large        #
#                          --code_model=banked --calling_convention=xdata_ree #
#                          ntrant --place_constants=data_rom                  #
#                          --nr_virtual_regs 16 -I "C:\Texas                  #
#                          Instruments\ZStack-CC2530-2.3.0-1.4.0\Projects\zst #
#                          ack\Samples\GenericApp\CC2530DB\" -I "C:\Texas     #
#                          Instruments\ZStack-CC2530-2.3.0-1.4.0\Projects\zst #
#                          ack\Samples\GenericApp\CC2530DB\..\SOURCE\" -I     #
#                          "C:\Texas Instruments\ZStack-CC2530-2.3.0-1.4.0\Pr #
#                          ojects\zstack\Samples\GenericApp\CC2530DB\..\..\.. #
#                          \ZMAIN\TI2530DB\" -I "C:\Texas                     #
#                          Instruments\ZStack-CC2530-2.3.0-1.4.0\Projects\zst #
#                          ack\Samples\GenericApp\CC2530DB\..\..\..\..\..\COM #
#                          PONENTS\MT\" -I "C:\Texas                          #
#                          Instruments\ZStack-CC2530-2.3.0-1.4.0\Projects\zst #
#                          ack\Samples\GenericApp\CC2530DB\..\..\..\..\..\COM #
#                          PONENTS\HAL\INCLUDE\" -I "C:\Texas                 #
#                          Instruments\ZStack-CC2530-2.3.0-1.4.0\Projects\zst #
#                          ack\Samples\GenericApp\CC2530DB\..\..\..\..\..\COM #
#                          PONENTS\HAL\TARGET\CC2530EB\" -I "C:\Texas         #
#                          Instruments\ZStack-CC2530-2.3.0-1.4.0\Projects\zst #
#                          ack\Samples\GenericApp\CC2530DB\..\..\..\..\..\COM #
#                          PONENTS\OSAL\MCU\CCSOC\" -I "C:\Texas              #
#                          Instruments\ZStack-CC2530-2.3.0-1.4.0\Projects\zst #
#                          ack\Samples\GenericApp\CC2530DB\..\..\..\..\..\COM #
#                          PONENTS\OSAL\INCLUDE\" -I "C:\Texas                #
#                          Instruments\ZStack-CC2530-2.3.0-1.4.0\Projects\zst #
#                          ack\Samples\GenericApp\CC2530DB\..\..\..\..\..\COM #
#                          PONENTS\STACK\AF\" -I "C:\Texas                    #
#                          Instruments\ZStack-CC2530-2.3.0-1.4.0\Projects\zst #
#                          ack\Samples\GenericApp\CC2530DB\..\..\..\..\..\COM #
#                          PONENTS\STACK\NWK\" -I "C:\Texas                   #
#                          Instruments\ZStack-CC2530-2.3.0-1.4.0\Projects\zst #
#                          ack\Samples\GenericApp\CC2530DB\..\..\..\..\..\COM #
#                          PONENTS\STACK\SEC\" -I "C:\Texas                   #
#                          Instruments\ZStack-CC2530-2.3.0-1.4.0\Projects\zst #
#                          ack\Samples\GenericApp\CC2530DB\..\..\..\..\..\COM #
#                          PONENTS\STACK\SAPI\" -I "C:\Texas                  #
#                          Instruments\ZStack-CC2530-2.3.0-1.4.0\Projects\zst #
#                          ack\Samples\GenericApp\CC2530DB\..\..\..\..\..\COM #
#                          PONENTS\STACK\SYS\" -I "C:\Texas                   #
#                          Instruments\ZStack-CC2530-2.3.0-1.4.0\Projects\zst #
#                          ack\Samples\GenericApp\CC2530DB\..\..\..\..\..\COM #
#                          PONENTS\STACK\ZDO\" -I "C:\Texas                   #
#                          Instruments\ZStack-CC2530-2.3.0-1.4.0\Projects\zst #
#                          ack\Samples\GenericApp\CC2530DB\..\..\..\..\..\COM #
#                          PONENTS\ZMAC\F8W\" -I "C:\Texas                    #
#                          Instruments\ZStack-CC2530-2.3.0-1.4.0\Projects\zst #
#                          ack\Samples\GenericApp\CC2530DB\..\..\..\..\..\COM #
#                          PONENTS\ZMAC\" -I "C:\Texas                        #
#                          Instruments\ZStack-CC2530-2.3.0-1.4.0\Projects\zst #
#                          ack\Samples\GenericApp\CC2530DB\..\..\..\..\..\COM #
#                          PONENTS\SERVICES\SADDR\" -I "C:\Texas              #
#                          Instruments\ZStack-CC2530-2.3.0-1.4.0\Projects\zst #
#                          ack\Samples\GenericApp\CC2530DB\..\..\..\..\..\COM #
#                          PONENTS\SERVICES\SDATA\" -I "C:\Texas              #
#                          Instruments\ZStack-CC2530-2.3.0-1.4.0\Projects\zst #
#                          ack\Samples\GenericApp\CC2530DB\..\..\..\..\..\COM #
#                          PONENTS\MAC\INCLUDE\" -I "C:\Texas                 #
#                          Instruments\ZStack-CC2530-2.3.0-1.4.0\Projects\zst #
#                          ack\Samples\GenericApp\CC2530DB\..\..\..\..\..\COM #
#                          PONENTS\MAC\HIGH_LEVEL\" -I "C:\Texas              #
#                          Instruments\ZStack-CC2530-2.3.0-1.4.0\Projects\zst #
#                          ack\Samples\GenericApp\CC2530DB\..\..\..\..\..\COM #
#                          PONENTS\MAC\LOW_LEVEL\srf04\" -I "C:\Texas         #
#                          Instruments\ZStack-CC2530-2.3.0-1.4.0\Projects\zst #
#                          ack\Samples\GenericApp\CC2530DB\..\..\..\..\..\COM #
#                          PONENTS\MAC\LOW_LEVEL\srf04\SINGLE_CHIP\" -I       #
#                          "C:\Program Files\IAR Systems\Embedded Workbench   #
#                          5.3 Evaluation version\8051\INC\" -I "C:\Program   #
#                          Files\IAR Systems\Embedded Workbench 5.3           #
#                          Evaluation version\8051\INC\CLIB\" -Ohz            #
#    List file          =  C:\Texas Instruments\ZStack-CC2530-2.3.0-1.4.0\Pro #
#                          jects\zstack\Samples\GenericApp\CC2530DB\RouterEB\ #
#                          List\Sensor.lst                                    #
#    Object file        =  C:\Texas Instruments\ZStack-CC2530-2.3.0-1.4.0\Pro #
#                          jects\zstack\Samples\GenericApp\CC2530DB\RouterEB\ #
#                          Obj\Sensor.r51                                     #
#                                                                             #
#                                                                             #
###############################################################################

C:\Texas Instruments\ZStack-CC2530-2.3.0-1.4.0\Projects\zstack\Samples\GenericApp\Source\Sensor.c
      1          #include "Sensor.h"
      2          #include <ioCC2530.h>

   \                                 In  segment SFR_AN, at 0x88
   \   union <unnamed> volatile __sfr _A_TCON
   \                     _A_TCON:
   \   000000                DS 1

   \                                 In  segment SFR_AN, at 0xb6
   \   unsigned char volatile __sfr ADCCON3
   \                     ADCCON3:
   \   000000                DS 1

   \                                 In  segment SFR_AN, at 0xba
   \   unsigned char volatile __sfr ADCL
   \                     ADCL:
   \   000000                DS 1

   \                                 In  segment SFR_AN, at 0xbb
   \   unsigned char volatile __sfr ADCH
   \                     ADCH:
   \   000000                DS 1
      3          
      4          #define ADC_REF_115V 0x00
      5          #define ADC_DEC_256  0x20
      6          #define ADC_CHN_TEMP 0x0e
      7          #define ADC_DEC_064 0x00
      8          #define ADC_CHN_VDD3 0x0f

   \                                 In  segment BANKED_CODE, align 1, keep-with-next
      9          int8 readTemp(void)
   \                     readTemp:
     10          {
   \   000000   74F6         MOV     A,#-0xa
   \   000002   12....       LCALL   ?BANKED_ENTER_XDATA
   \   000005                ; Saved register size: 10
   \   000005                ; Auto size: 0
     11              static uint16 reference_voltage;
     12              static uint8 bCalibrate=TRUE;
     13              uint16 value;
     14              int8 temp;
     15              
     16              ATEST=0x01;
   \   000005   7401         MOV     A,#0x1
   \   000007   9061BD       MOV     DPTR,#0x61bd
   \   00000A   F0           MOVX    @DPTR,A
     17              TR0|=0x01;
   \   00000B   90624B       MOV     DPTR,#0x624b
   \   00000E   E0           MOVX    A,@DPTR
   \   00000F   D2E0         SETB    0xE0 /* A   */.0
   \   000011   F0           MOVX    @DPTR,A
     18              ADCIF=0;
   \   000012   C28D         CLR     0x88.5
     19              ADCCON3=(ADC_REF_115V|ADC_DEC_256|ADC_CHN_TEMP);
   \   000014   75B62E       MOV     0xb6,#0x2e
     20              while(!ADCIF);
   \                     ??readTemp_0:
   \   000017   A28D         MOV     C,0x88.5
   \   000019   50FC         JNC     ??readTemp_0
     21          	ADCIF=0;
   \   00001B   C28D         CLR     0x88.5
     22          	value=ADCL;
   \   00001D   AABA         MOV     R2,0xba
   \   00001F   8A82         MOV     DPL,R2
   \   000021   A882         MOV     R0,DPL
     23          	value|=((uint16)ADCH)<<8;
   \   000023   E5BB         MOV     A,0xbb
   \   000025   F9           MOV     R1,A
     24          	value>>=4;
   \   000026   88..         MOV     ?V0 + 0,R0
   \   000028   89..         MOV     ?V0 + 1,R1
   \   00002A   7404         MOV     A,#0x4
   \   00002C   78..         MOV     R0,#?V0 + 0
   \   00002E   12....       LCALL   ?US_SHR
   \   000031   A8..         MOV     R0,?V0 + 0
   \   000033   A9..         MOV     R1,?V0 + 1
     25          	if(bCalibrate)
   \   000035   90....       MOV     DPTR,#??bCalibrate
   \   000038   E0           MOVX    A,@DPTR
   \   000039   600D         JZ      ??readTemp_1
     26          		{
     27          			reference_voltage=value;
   \   00003B   90....       MOV     DPTR,#??reference_voltage
   \   00003E   E8           MOV     A,R0
   \   00003F   F0           MOVX    @DPTR,A
   \   000040   A3           INC     DPTR
   \   000041   E9           MOV     A,R1
   \   000042   F0           MOVX    @DPTR,A
     28          			bCalibrate=FALSE;
   \   000043   E4           CLR     A
   \   000044   90....       MOV     DPTR,#??bCalibrate
   \   000047   F0           MOVX    @DPTR,A
     29          		}
     30          	temp=22+((value-reference_voltage)/4);
     31          	return temp;
   \                     ??readTemp_1:
   \   000048   90....       MOV     DPTR,#??reference_voltage
   \   00004B   E0           MOVX    A,@DPTR
   \   00004C   FA           MOV     R2,A
   \   00004D   A3           INC     DPTR
   \   00004E   E0           MOVX    A,@DPTR
   \   00004F   FB           MOV     R3,A
   \   000050   E8           MOV     A,R0
   \   000051   C3           CLR     C
   \   000052   9A           SUBB    A,R2
   \   000053   F5..         MOV     ?V0 + 0,A
   \   000055   E9           MOV     A,R1
   \   000056   9B           SUBB    A,R3
   \   000057   F5..         MOV     ?V0 + 1,A
   \   000059   7402         MOV     A,#0x2
   \   00005B   78..         MOV     R0,#?V0 + 0
   \   00005D   12....       LCALL   ?US_SHR
   \   000060   E5..         MOV     A,?V0 + 0
   \   000062   2416         ADD     A,#0x16
   \   000064   F9           MOV     R1,A
   \   000065   7F02         MOV     R7,#0x2
   \   000067   02....       LJMP    ?BANKED_LEAVE_XDATA
   \   00006A                REQUIRE _A_TCON
   \   00006A                REQUIRE ADCCON3
   \   00006A                REQUIRE ADCL
   \   00006A                REQUIRE ADCH
     32              
     33          }

   \                                 In  segment XDATA_Z, align 1, keep-with-next
   \                     ??reference_voltage:
   \   000000                DS 2
   \   000002                REQUIRE __INIT_XDATA_Z

   \                                 In  segment XDATA_I, align 1, keep-with-next
   \                     ??bCalibrate:
   \   000000                DS 1
   \   000001                REQUIRE `?<Initializer for bCalibrate>`
   \   000001                REQUIRE __INIT_XDATA_I

   \                                 In  segment BANKED_CODE, align 1, keep-with-next
     34          unsigned int getVddvalue(void)
   \                     getVddvalue:
     35          {
   \   000000                ; Saved register size: 2
   \   000000                ; Auto size: 0
     36            unsigned int value;
     37            unsigned char tmpADCCON3=ADCCON3;
   \   000000   E5B6         MOV     A,0xb6
   \   000002   FC           MOV     R4,A
     38            
     39            ADCIF=0;
   \   000003   C28D         CLR     0x88.5
     40            ADCCON3=(ADC_REF_115V|ADC_DEC_064|ADC_CHN_VDD3);
   \   000005   75B60F       MOV     0xb6,#0xf
     41            while(!ADCIF);
   \                     ??getVddvalue_0:
   \   000008   A28D         MOV     C,0x88.5
   \   00000A   50FC         JNC     ??getVddvalue_0
     42            
     43            value=ADCH;
   \   00000C   AABB         MOV     R2,0xbb
   \   00000E   7B00         MOV     R3,#0x0
     44            ADCCON3=tmpADCCON3;
   \   000010   8CB6         MOV     0xb6,R4
     45            return (value);
   \   000012   02....       LJMP    ?BRET
   \   000015                REQUIRE _A_TCON
   \   000015                REQUIRE ADCCON3
   \   000015                REQUIRE ADCH
     46          }

   \                                 In  segment XDATA_ID, align 1, keep-with-next
   \                     `?<Initializer for bCalibrate>`:
   \   000000   01           DB 1

   \                                 In  segment BANK_RELAYS, align 1
   \                     ??readTemp?relay:
   \   000000   12....       LCALL   ?BDISPATCH
   \   000003   ......       DC24    readTemp

   \                                 In  segment BANK_RELAYS, align 1
   \                     ??getVddvalue?relay:
   \   000000   12....       LCALL   ?BDISPATCH
   \   000003   ......       DC24    getVddvalue

   Maximum stack usage in bytes:

     Function    ISTACK PSTACK XSTACK
     --------    ------ ------ ------
     getVddvalue     2      0      0
     readTemp        0      0     10


   Segment part sizes:

     Function/Label                Bytes
     --------------                -----
     _A_TCON                          1
     ADCCON3                          1
     ADCL                             1
     ADCH                             1
     readTemp                       106
     reference_voltage                2
     bCalibrate                       1
     getVddvalue                     21
     ?<Initializer for bCalibrate>    1
     ??readTemp?relay                 6
     ??getVddvalue?relay              6

 
 127 bytes in segment BANKED_CODE
  12 bytes in segment BANK_RELAYS
   4 bytes in segment SFR_AN
   1 byte  in segment XDATA_I
   1 byte  in segment XDATA_ID
   2 bytes in segment XDATA_Z
 
 140 bytes of CODE  memory
   0 bytes of DATA  memory (+ 4 bytes shared)
   3 bytes of XDATA memory

Errors: none
Warnings: none
